<html>
<head>
	<title>Layout</title>
</head>
<body>
	<main><h1>Post Title</h1>
<p>Post Content</p></main>
</body>
</html>